STACKLOG_LINES_BEFORE_RUN2=     213

> ugc-factory@0.0.0 test:e2e:phases /Users/carlosvillu/Developer/__GARBAGE__/UGC_Ads
> pnpm --filter @ugc/web exec playwright test e2e/phases/f1-brief.spec.ts e2e/phases/f2-scripts.spec.ts e2e/phases/f4-generation.spec.ts


Running 4 tests using 3 workers

  ✓  1 [setup] › e2e/auth.setup.ts:10:1 › login y persistir sesión (943ms)
  ✓  2 [chromium] › e2e/phases/f1-brief.spec.ts:29:3 › F1 · journey de análisis: URL → N1/N2/N3 → CP1 → aprobar y avanzar › un usuario pega una URL, edita el brief en CP1 y lo aprueba: el brief se versiona y el run avanza @f1 @phase (4.1s)
  ✓  3 [chromium] › e2e/phases/f2-scripts.spec.ts:52:3 › F2 · journey de guiones: URL → CP1 → CP2 → CP3 → variantes scripted › un usuario aprueba la matriz, N5 guioniza el lote y CP3 deja todas las variantes scripted @f2 @phase (11.5s)
  ✘  4 [chromium] › e2e/phases/f4-generation.spec.ts:95:3 › F4 · journey de generación: CP3 aprobado → sub-DAG N6→N7a-e por variante en el canvas › el canvas expande N7 por variante, expone resolvedPrompt/coste/previews y recupera un sub-step con retry granular @f4 @phase (44.7s)


  1) [chromium] › e2e/phases/f4-generation.spec.ts:95:3 › F4 · journey de generación: CP3 aprobado → sub-DAG N6→N7a-e por variante en el canvas › el canvas expande N7 por variante, expone resolvedPrompt/coste/previews y recupera un sub-step con retry granular @f4 @phase 

    Error: expect(locator).toBeVisible() failed

    Locator: getByRole('complementary', { name: /\bN6\b/ })
    Expected: visible
    Timeout: 15000ms
    Error: element(s) not found

    Call log:
      - Expect "toBeVisible" with timeout 15000ms
      - waiting for getByRole('complementary', { name: /\bN6\b/ })


      309 |         .first()
      310 |         .click();
    > 311 |       await expect(page.getByRole('complementary', { name: /\bN6\b/ })).toBeVisible({
          |                                                                         ^
      312 |         timeout: 15_000,
      313 |       });
      314 |       await expect(page.locator('[data-slot="resolved-prompt"]')).toBeVisible({ timeout: 15_000 });
        at /Users/carlosvillu/Developer/__GARBAGE__/UGC_Ads/apps/web/e2e/phases/f4-generation.spec.ts:311:73

    attachment #1: screenshot (image/png) ──────────────────────────────────────────────────────────
    test-results/phases-f4-generation-F4-·--b83db-sub-step-con-retry-granular-chromium/test-failed-1.png
    ────────────────────────────────────────────────────────────────────────────────────────────────

    attachment #2: video (video/webm) ──────────────────────────────────────────────────────────────
    test-results/phases-f4-generation-F4-·--b83db-sub-step-con-retry-granular-chromium/video.webm
    ────────────────────────────────────────────────────────────────────────────────────────────────

    Error Context: test-results/phases-f4-generation-F4-·--b83db-sub-step-con-retry-granular-chromium/error-context.md

    attachment #4: trace (application/zip) ─────────────────────────────────────────────────────────
    test-results/phases-f4-generation-F4-·--b83db-sub-step-con-retry-granular-chromium/trace.zip
    Usage:

        pnpm exec playwright show-trace test-results/phases-f4-generation-F4-·--b83db-sub-step-con-retry-granular-chromium/trace.zip

    ────────────────────────────────────────────────────────────────────────────────────────────────

  1 failed
    [chromium] › e2e/phases/f4-generation.spec.ts:95:3 › F4 · journey de generación: CP3 aprobado → sub-DAG N6→N7a-e por variante en el canvas › el canvas expande N7 por variante, expone resolvedPrompt/coste/previews y recupera un sub-step con retry granular @f4 @phase 
  3 passed (51.7s)
undefined
/Users/carlosvillu/Developer/__GARBAGE__/UGC_Ads/apps/web:
 ERR_PNPM_RECURSIVE_EXEC_FIRST_FAIL  Command failed with exit code 1: playwright test e2e/phases/f1-brief.spec.ts e2e/phases/f2-scripts.spec.ts e2e/phases/f4-generation.spec.ts
 ELIFECYCLE  Command failed with exit code 1.
RUN2_EXIT=
STACKLOG_LINES_AFTER_RUN2=     450
