=== full pnpm test:e2e (warm stack reuse) ===
  ✓  51 [chromium] › e2e/personas.spec.ts:141:3 › /personas — librería de personas (T2.0) › la acción de fase futura se VE pero está DESHABILITADA y dice por qué; «Generar variación» ya está VIVA (T4.12) @f2 (2.4s)
  ✓  42 [chromium] › e2e/library.spec.ts:391:3 › biblioteca de vídeos /library (T5.7) › CLICAR descargar cuando la ruta da 409 muestra el error en la UI y NO descarga un fichero (5.9s)
  ✓  50 [chromium] › e2e/personas.spec.ts:70:3 › /personas — librería de personas (T2.0) › CRUD completo: crear con voice map es/en, ver la ficha, editar y eliminar @f2 (7.5s)
  ✓  53 [chromium] › e2e/personas.spec.ts:263:3 › /personas — librería de personas (T2.0) › una imagen <2K es RECHAZADA con un mensaje VISIBLE y no se añade @f2 (5.0s)
  ✓  52 [chromium] › e2e/personas.spec.ts:176:3 › /personas — librería de personas (T2.0) › upload de una imagen ≥2K: se acepta y aparece en la ficha @f2 (5.6s)
seed: persona «Nora F4 Premium» ← imagen sintética 1638×2048 px (personas/01KYN9FJRZ00S55EVNTX0V9WX9/01KYN9FJZYH07BFD51EXBMWM3N.png)
  ✓  45 [chromium] › e2e/navigation.spec.ts:47:3 › base URL del fetch de servidor y navegación global (T1.13) › desde la home se llega a las páginas existentes sin escribir ninguna URL @f1 (17.0s)
  ✓  49 [chromium] › e2e/persona-library-cp2.spec.ts:112:3 › CP2 · toda la librería de personas es alcanzable (T5.13) › una persona que el `avatar_hint` NO sugiere se encuentra, se fija y el lote se crea con ella @f5 @checkpoint (17.4s)
  ✓  54 [chromium] › e2e/phases/f1-brief.spec.ts:29:3 › F1 · journey de análisis: URL → N1/N2/N3 → CP1 → aprobar y avanzar › un usuario pega una URL, edita el brief en CP1 y lo aprueba: el brief se versiona y el run avanza @f1 @phase (11.6s)
  ✓  57 [chromium] › e2e/run-canvas-node-switch.spec.ts:43:3 › inspector: conmutar de nodo remonta el panel (T5.24) › un editor JSON a medias en un nodo NO se arrastra al panel de otro @f5 (6.1s)
  ✓  58 [chromium] › e2e/runs-canvas.spec.ts:34:3 › canvas del run (T0.11) › los nodos cambian de estado en vivo por SSE (sin reload) @f0 (7.2s)
  ✓  55 [chromium] › e2e/phases/f2-scripts.spec.ts:52:3 › F2 · journey de guiones: URL → CP1 → CP2 → CP3 → variantes scripted › un usuario aprueba la matriz, N5 guioniza el lote y CP3 deja todas las variantes scripted @f2 @phase (22.6s)
  ✓  60 [chromium] › e2e/runs-canvas.spec.ts:69:3 › canvas del run (T0.11) › checkpoint: rechazar desde el panel @f0 (10.6s)
  ✓  59 [chromium] › e2e/runs-canvas.spec.ts:52:3 › canvas del run (T0.11) › checkpoint: aprobar desde el panel avanza el run @f0 (13.4s)
  ✓  61 [chromium] › e2e/runs-canvas.spec.ts:79:3 › canvas del run (T0.11) › checkpoint: editar el output JSON y aprobar @f0 (8.7s)
  ✓  64 [chromium] › e2e/runs-canvas.spec.ts:145:3 › canvas del run (T0.11) › cancelar OTRO run en curso desde el botón del panel @f0 (4.1s)
  ✓  65 [chromium] › e2e/runs-canvas.spec.ts:213:3 › canvas del run (T0.11) › autopilot: el toggle de la cabecera PERSISTE en el run (no solo en el cliente) @f0 (9.1s)
  ✓  66 [chromium] › e2e/runs-canvas.spec.ts:254:3 › canvas del run (T0.11) › autopilot: el checkpoint NORMAL no pausa, pero el candado alwaysPause gana igual @f0 (7.2s)
  ✓  67 [chromium] › e2e/runs-canvas.spec.ts:280:3 › canvas: títulos, visor del artefacto y controles (T1.16) › los nodos muestran su título humano y la clave sigue siendo el accessible name @f1 (1.4s)
  ✓  63 [chromium] › e2e/runs-canvas.spec.ts:126:3 › canvas del run (T0.11) › skip: saltar un nodo skippable desde el panel @f0 (15.7s)
  ✓  68 [chromium] › e2e/runs-canvas.spec.ts:301:3 › canvas: títulos, visor del artefacto y controles (T1.16) › con CP1 abierto el lienzo se comprime pero N2 sigue alcanzable (fit/zoom) @f1 (5.6s)
  ✓  62 [chromium] › e2e/runs-canvas.spec.ts:98:3 › canvas del run (T0.11) › fallo: ver el error en el visor y reintentar con éxito @f0 (24.2s)
  ✓  71 [chromium] › e2e/runs-list.spec.ts:217:3 › listado de runs /runs (T1.17) › lista los runs con ESTADOS DISTINTOS (aunque pipeline_run.status diga pending en los dos) @f1 (1.6s)
  ✓  73 [chromium] › e2e/runs-list.spec.ts:266:3 › listado de runs /runs (T1.17) › el click en una fila lleva al CANVAS de ESE run @f1 (2.0s)
  ✓  74 [chromium] › e2e/runs-list.spec.ts:276:3 › listado de runs /runs (T1.17) › se llega al listado desde la nav global, sin escribir ninguna URL @f1 (1.4s)
  ✓  69 [chromium] › e2e/runs-canvas.spec.ts:334:3 › canvas: títulos, visor del artefacto y controles (T1.16) › la caja de output abre la modal con el artefacto COMPLETO (lo que el excerpt trunca) @f1 (19.1s)
  ✓  76 [chromium] › e2e/settings.spec.ts:19:3 › /settings (T0.14) › guardar una API key la enmascara, limpia el input y persiste tras reload @f0 (3.8s)
  ✓  70 [chromium] › e2e/runs-canvas.spec.ts:409:3 › canvas: títulos, visor del artefacto y controles (T1.16) › la caja de error abre la modal con el error COMPLETO (lo que el excerpt trunca) @f1 (20.4s)
  ✓  77 [chromium] › e2e/settings.spec.ts:52:3 › /settings (T0.14) › editar la key la reemplaza (nuevo last4 tras guardar) @f0 (1.4s)
  ✓  79 [chromium] › e2e/settings.spec.ts:66:3 › /settings (T0.14) › tema, acento y densidad se aplican en vivo y persisten tras reload @f0 (3.5s)
  ✓  72 [chromium] › e2e/script-editor.spec.ts:125:3 › CP3 · editor de guiones: el arco bloqueante (T2.6) › una variante con claim prohibido no se aprueba hasta editar la escena; editada, queda scripted @f2 @checkpoint (16.5s)
  ✓  78 [chromium] › e2e/variant-review.spec.ts:226:3 › CP4 · revisión de variantes (T5.6) › lista las 3 variantes pausadas, muestra player + overlays de safe zones + resultados de QA @f5 @checkpoint (6.2s)
  ✓  75 [chromium] › e2e/script-editor.spec.ts:211:3 › CP3 · editor de guiones: el arco bloqueante (T2.6) › T5.11: con guiones de menos, CP3 muestra el recuento REAL y NO deja aprobar @f2 @checkpoint (28.2s)
  ✓  80 [chromium] › e2e/variant-review.spec.ts:265:3 › CP4 · revisión de variantes (T5.6) › aprobar 2 variantes y rechazar 1 desde el navegador actualiza `ad_variant.status` (cada una por separado) @f5 @checkpoint (21.7s)
  ✓  56 [chromium] › e2e/phases/f4-generation.spec.ts:95:3 › F4 · journey de generación: CP3 aprobado → sub-DAG N6→N7a-e por variante en el canvas › el canvas expande N7 por variante, expone resolvedPrompt/coste/previews y recupera un sub-step con retry granular @f4 @phase (1.4m)
  ✓  81 [chromium] › e2e/voice-preview.spec.ts:151:3 › Preview de voz en CP2/CP3 (T4.6) › CP2: ▶ por persona/idioma reproduce la voz; 5 reproducciones no añaden coste; cambiar idioma es otra muestra @f4 @checkpoint (27.2s)
  ✓  82 [chromium] › e2e/voice-preview.spec.ts:205:3 › Preview de voz en CP2/CP3 (T4.6) › CP3: ▶ en la tarjeta de variante reproduce la voz de su persona en su idioma; reutiliza sin coste @f4 @checkpoint (4.8s)
  ✓  83 [spend] › e2e/spend.spec.ts:87:3 › panel de gasto /spend (T0.12) › muestra totales por proveedor con la suma exacta @f0 (649ms)
seed: persona «Nora Normal Premium» ← imagen sintética 1638×2048 px (personas/01KYN9JK2ZBSTXSZFN1ZQEYHKN/01KYN9JK4NK88RQ5YRF61NCB5R.png)
seed: persona «Nora Regen Premium» ← imagen sintética 1638×2048 px (personas/01KYN9JK2XFBVR6MFCW5C8K9PB/01KYN9JK4J71111X71W65HDD2P.png)
seed: persona «Nora F5 Export» ← imagen sintética 1638×2048 px (personas/01KYN9JK31R6XABJ65V5829K8C/01KYN9JK4NJGQ5KJ8N10M9AR1B.png)
seed: persona «Nora F5 Export» ← imagen sintética 1638×2048 px (personas/01KYN9JK31R6XABJ65V5829K8C/01KYN9JK4QB7995FXY1P74KR0S.png)
  ✓  84 [spend] › e2e/spend.spec.ts:98:3 › panel de gasto /spend (T0.12) › muestra totales por día con la suma exacta @f0 (589ms)
  ✓  89 [spend] › e2e/spend.spec.ts:109:3 › panel de gasto /spend (T0.12) › un presupuesto por debajo del gasto dispara la alerta in-app @f0 (532ms)
  ✓  86 [f5-export] › e2e/phases/f5-export.spec.ts:319:3 › F5 · journey de export: lote → generación → CP4 → biblioteca → bundle íntegro › (b1) texto libre sin imágenes → CP1 pide imágenes → «Generar packshot con IA» → la decisión persistida es ai_packshot @f5 @phase (2.4s)
  ✓  85 [normal-generation-composes] › e2e/normal-generation-composes.spec.ts:101:3 › T5.8b · el flujo normal (CP3-approve) compone máster y pausa en CP4 › un lote aprobado en CP3 arranca un run que compone máster (N8) y pausa en CP4 (N9 waiting_approval) @f5 @compose (10.6s)
  ✓  87 [partial-regeneration] › e2e/partial-regeneration.spec.ts:231:3 › CU4 · regeneración parcial (T5.8): cambiar el CTA reutiliza N7a/N7c y regenera la voz del CTA › cambiar el CTA desde CP4 arranca un run kind=regen que reutiliza los assets no afectados y cambia el del CTA @f5 @regen (13.0s)
  ✓  88 [f5-export] › e2e/phases/f5-export.spec.ts:120:3 › F5 · journey de export: lote → generación → CP4 → biblioteca → bundle íntegro › un lote premium compone máster, se aprueba en CP4, aparece en /library y su bundle tiene el checksum del máster compuesto @f5 @phase (43.2s)

  89 passed (3.5m)
