=== CONTROL NEGATIVO (T5.26) ===

node:internal/modules/run_main:123
    triggerUncaughtException(
    ^
Error [ERR_MODULE_NOT_FOUND]: Cannot find package '@ugc/db' imported from /Users/carlosvillu/Developer/__GARBAGE__/UGC_Ads/docs/verifications/T5.26/control-negativo.ts
Did you mean to import "file:///Users/carlosvillu/Developer/__GARBAGE__/UGC_Ads/packages/db/src/index.ts"?
    at Object.getPackageJSONURL (node:internal/modules/package_json_reader:255:9)
    at packageResolve (node:internal/modules/esm/resolve:767:81)
    at moduleResolve (node:internal/modules/esm/resolve:853:18)
    at defaultResolve (node:internal/modules/esm/resolve:983:11)
    at nextResolve (node:internal/modules/esm/hooks:748:28)
    at resolveBase (file:///Users/carlosvillu/Developer/__GARBAGE__/UGC_Ads/node_modules/.pnpm/tsx@4.23.0/node_modules/tsx/dist/register-D5KIhaFJ.mjs:2:8511)
    at resolveDirectory (file:///Users/carlosvillu/Developer/__GARBAGE__/UGC_Ads/node_modules/.pnpm/tsx@4.23.0/node_modules/tsx/dist/register-D5KIhaFJ.mjs:2:9597)
    at resolveTsPaths (file:///Users/carlosvillu/Developer/__GARBAGE__/UGC_Ads/node_modules/.pnpm/tsx@4.23.0/node_modules/tsx/dist/register-D5KIhaFJ.mjs:2:11127)
    at resolve (file:///Users/carlosvillu/Developer/__GARBAGE__/UGC_Ads/node_modules/.pnpm/tsx@4.23.0/node_modules/tsx/dist/register-D5KIhaFJ.mjs:2:12307)
    at nextResolve (node:internal/modules/esm/hooks:748:28) {
  code: 'ERR_MODULE_NOT_FOUND'
}

Node.js v22.18.0

node:internal/modules/run_main:123
    triggerUncaughtException(
    ^
Error [ERR_MODULE_NOT_FOUND]: Cannot find package '@ugc/db' imported from /Users/carlosvillu/Developer/__GARBAGE__/UGC_Ads/docs/verifications/T5.26/control-negativo.ts
Did you mean to import "file:///Users/carlosvillu/Developer/__GARBAGE__/UGC_Ads/packages/db/src/index.ts"?
    at Object.getPackageJSONURL (node:internal/modules/package_json_reader:255:9)
    at packageResolve (node:internal/modules/esm/resolve:767:81)
    at moduleResolve (node:internal/modules/esm/resolve:853:18)
    at defaultResolve (node:internal/modules/esm/resolve:983:11)
    at nextResolve (node:internal/modules/esm/hooks:748:28)
    at resolveBase (file:///Users/carlosvillu/Developer/__GARBAGE__/UGC_Ads/node_modules/.pnpm/tsx@4.23.0/node_modules/tsx/dist/register-D5KIhaFJ.mjs:2:8511)
    at resolveDirectory (file:///Users/carlosvillu/Developer/__GARBAGE__/UGC_Ads/node_modules/.pnpm/tsx@4.23.0/node_modules/tsx/dist/register-D5KIhaFJ.mjs:2:9597)
    at resolveTsPaths (file:///Users/carlosvillu/Developer/__GARBAGE__/UGC_Ads/node_modules/.pnpm/tsx@4.23.0/node_modules/tsx/dist/register-D5KIhaFJ.mjs:2:11127)
    at resolve (file:///Users/carlosvillu/Developer/__GARBAGE__/UGC_Ads/node_modules/.pnpm/tsx@4.23.0/node_modules/tsx/dist/register-D5KIhaFJ.mjs:2:12307)
    at nextResolve (node:internal/modules/esm/hooks:748:28) {
  code: 'ERR_MODULE_NOT_FOUND'
}

Node.js v22.18.0
=== RED case A: revert Maya.es to Sarah, run the SAME assertion the PASS uses ===
  resolved es voice = 'EXAVITQu4vr4xnSDxMaL'
  ✓ ASSERTION BITES → FAIL: Expected voice '6Pd8chnUWvPJasJAi15C' (Afrodita) but resolved 'EXAVITQu4vr4xnSDxMaL' (Sarah). ROJO.
  [positive control] real seed resolves es -> '6Pd8chnUWvPJasJAi15C' (expect Afrodita: OK)

=== RED case B: isSeedBatchCapable ===
  isSeedBatchCapable(real Maya, es=Afrodita '6Pd8chnUWvPJasJAi15C') = true (expect true)
  isSeedBatchCapable(Maya with es='placeholder-es') = false (expect false)
  ✓ predicate discriminates: Afrodita→true, placeholder→false (Maya stays batch-capable)
  batch-capable personas in seed: [Maya] (expect exactly [Maya])

CONTROL NEGATIVO: ROJO probado (asserts bite).
