#0 building with "default" instance using docker driver

#1 [internal] load build definition from Dockerfile
#1 transferring dockerfile: 7.04kB done
#1 DONE 0.0s

#2 [internal] load metadata for docker.io/library/node:24-slim
#2 DONE 0.7s

#3 [internal] load metadata for docker.io/library/debian:bookworm-slim
#3 DONE 0.7s

#4 [internal] load .dockerignore
#4 transferring context: 873B done
#4 DONE 0.0s

#5 [c2patool 1/3] FROM docker.io/library/debian:bookworm-slim@sha256:7b140f374b289a7c2befc338f42ebe6441b7ea838a042bbd5acbfca6ec875818
#5 DONE 0.0s

#6 [base 1/2] FROM docker.io/library/node:24-slim@sha256:6f7b03f7c2c8e2e784dcf9295400527b9b1270fd37b7e9a7285cf83b6951452d
#6 DONE 0.0s

#7 [internal] load build context
#7 transferring context: 58.05kB 0.0s done
#7 DONE 0.0s

#8 [runtime  5/16] COPY apps/worker/fonts/poppins/*.ttf             /usr/share/fonts/truetype/ugc/
#8 CACHED

#9 [runtime 15/16] COPY apps/worker/scripts/healthcheck-capabilities.sh ./scripts/healthcheck-capabilities.sh
#9 CACHED

#10 [runtime 10/16] RUN fc-cache -f /usr/share/fonts/truetype/ugc
#10 CACHED

#11 [runtime  3/16] RUN apt-get update && apt-get install -y --no-install-recommends       ffmpeg       fontconfig     && rm -rf /var/lib/apt/lists/*
#11 CACHED

#12 [runtime 13/16] COPY --from=build /app/apps/worker/dist ./dist
#12 CACHED

#13 [runtime  8/16] COPY apps/worker/fonts/poppins/OFL.txt    /usr/share/fonts/truetype/ugc/Poppins.OFL.txt
#13 CACHED

#14 [base 2/2] RUN npm install -g pnpm@10.19.0
#14 CACHED

#15 [build 3/4] RUN --mount=type=cache,id=pnpm-store,target=/root/.local/share/pnpm/store     pnpm install --frozen-lockfile --ignore-scripts --filter @ugc/worker...
#15 CACHED

#16 [build 1/4] WORKDIR /app
#16 CACHED

#17 [runtime  9/16] COPY apps/worker/fonts/notosans/OFL.txt   /usr/share/fonts/truetype/ugc/NotoSans.OFL.txt
#17 CACHED

#18 [prod-deps 3/3] RUN --mount=type=cache,id=pnpm-store,target=/root/.local/share/pnpm/store     echo 'node-linker=hoisted' >> .npmrc &&     pnpm install --prod --frozen-lockfile --ignore-scripts --filter @ugc/worker...
#18 CACHED

#19 [runtime  6/16] COPY apps/worker/fonts/notosans/NotoSans.ttf     /usr/share/fonts/truetype/ugc/
#19 CACHED

#20 [runtime  7/16] COPY apps/worker/fonts/tiktoksans/OFL.txt /usr/share/fonts/truetype/ugc/TikTokSans.OFL.txt
#20 CACHED

#21 [runtime  4/16] COPY apps/worker/fonts/tiktoksans/TikTokSans.ttf /usr/share/fonts/truetype/ugc/
#21 CACHED

#22 [c2patool 2/3] RUN apt-get update && apt-get install -y --no-install-recommends ca-certificates curl     && rm -rf /var/lib/apt/lists/*
#22 CACHED

#23 [runtime 12/16] COPY --from=prod-deps /app/node_modules ./node_modules
#23 CACHED

#24 [runtime 11/16] COPY --from=c2patool /usr/local/bin/c2patool /usr/local/bin/c2patool
#24 CACHED

#25 [runtime 14/16] COPY apps/worker/package.json ./package.json
#25 CACHED

#26 [runtime  2/16] WORKDIR /app
#26 CACHED

#27 [c2patool 3/3] RUN set -eu;     case "amd64" in       amd64) triple=x86_64-unknown-linux-gnu; sha=caa336747d5364e21e0eb7a307c108b6680b237ff8b8aa5ed94ab8e43d64214c ;;       *) echo "c2patool: upstream ships no linux binary for TARGETARCH='amd64' (only amd64/x86_64-unknown-linux-gnu). The deploy target is amd64; build with --platform linux/amd64." >&2; exit 1 ;;     esac;     url="https://github.com/contentauth/c2patool/releases/download/v0.9.12/c2patool-v0.9.12-${triple}.tar.gz";     curl -fsSL "$url" -o /tmp/c2patool.tar.gz;     echo "${sha}  /tmp/c2patool.tar.gz" | sha256sum -c -;     tar -xzf /tmp/c2patool.tar.gz -C /tmp;     install -m 0755 /tmp/c2patool/c2patool /usr/local/bin/c2patool;     /usr/local/bin/c2patool --version
#27 CACHED

#28 [build 4/4] RUN pnpm --filter @ugc/worker build
#28 CACHED

#29 [build 2/4] COPY . .
#29 CACHED

#30 [runtime 16/16] RUN mkdir -p /data/assets && chown node:node /data/assets
#30 CACHED

#31 exporting to image
#31 exporting layers done
#31 writing image sha256:3b2202470cf5bdf73e0426b758b162bacc49ed2b01f9dac9134e1e9d2183bbb9 done
#31 naming to docker.io/library/ugc-worker:t5.1-verify done
#31 DONE 0.0s

View build details: docker-desktop://dashboard/build/default/default/rzmqf8oami7zcf89c6cwy9wpz
