
> ugc-factory@0.0.0 lint /Users/carlosvillu/Developer/__GARBAGE__/UGC_Ads
> eslint .


/Users/carlosvillu/Developer/__GARBAGE__/UGC_Ads/apps/web/e2e/partial-regeneration.spec.ts
  433:7  warning  Avoid having conditionals in tests    playwright/no-conditional-in-test
  434:9  warning  Avoid calling `expect` conditionally  playwright/no-conditional-expect

/Users/carlosvillu/Developer/__GARBAGE__/UGC_Ads/apps/web/e2e/runs-canvas.spec.ts
   52:3  warning  Test has no assertions  playwright/expect-expect
   69:3  warning  Test has no assertions  playwright/expect-expect
   79:3  warning  Test has no assertions  playwright/expect-expect
  126:3  warning  Test has no assertions  playwright/expect-expect
  254:3  warning  Test has no assertions  playwright/expect-expect

/Users/carlosvillu/Developer/__GARBAGE__/UGC_Ads/apps/web/e2e/voice-preview.spec.ts
  232:7  warning  Avoid having conditionals in tests  playwright/no-conditional-in-test

/Users/carlosvillu/Developer/__GARBAGE__/UGC_Ads/apps/web/src/components/checkpoints/brief-editor.tsx
  325:23  warning  Compilation Skipped: Use of incompatible library

This API returns functions which cannot be memoized without leading to stale UI. To prevent this, by default React Compiler will skip memoizing this component/hook. However, you may see issues if values from this API are passed to other components/hooks that are memoized.

/Users/carlosvillu/Developer/__GARBAGE__/UGC_Ads/apps/web/src/components/checkpoints/brief-editor.tsx:325:23
  323 |   }
  324 |
> 325 |   const productName = watch('product.name');
      |                       ^^^^^ React Hook Form's `useForm()` API returns a `watch()` function which cannot be memoized safely.
  326 |
  327 |   return (
  328 |     <form  react-hooks/incompatible-library

/Users/carlosvillu/Developer/__GARBAGE__/UGC_Ads/apps/web/src/components/design-system/overlay-specimens.tsx
  399:11  warning  Image elements must have an alt prop, either with meaningful text, or an empty string for decorative images  jsx-a11y/alt-text
  413:11  warning  Image elements must have an alt prop, either with meaningful text, or an empty string for decorative images  jsx-a11y/alt-text
  417:11  warning  Image elements must have an alt prop, either with meaningful text, or an empty string for decorative images  jsx-a11y/alt-text

/Users/carlosvillu/Developer/__GARBAGE__/UGC_Ads/apps/web/src/components/gallery/new-template-form.tsx
  43:16  warning  Compilation Skipped: Use of incompatible library

This API returns functions which cannot be memoized without leading to stale UI. To prevent this, by default React Compiler will skip memoizing this component/hook. However, you may see issues if values from this API are passed to other components/hooks that are memoized.

/Users/carlosvillu/Developer/__GARBAGE__/UGC_Ads/apps/web/src/components/gallery/new-template-form.tsx:43:16
  41 |   const { errors, isSubmitting } = formState;
  42 |
> 43 |   const body = watch('body');
     |                ^^^^^ React Hook Form's `useForm()` API returns a `watch()` function which cannot be memoized safely.
  44 |   const invalid = invalidBodySlots(body);
  45 |   const hasInvalid = invalid.length > 0;
  46 |  react-hooks/incompatible-library

/Users/carlosvillu/Developer/__GARBAGE__/UGC_Ads/apps/web/src/components/intake/intake-form.tsx
  72:39  warning  Compilation Skipped: Use of incompatible library

This API returns functions which cannot be memoized without leading to stale UI. To prevent this, by default React Compiler will skip memoizing this component/hook. However, you may see issues if values from this API are passed to other components/hooks that are memoized.

/Users/carlosvillu/Developer/__GARBAGE__/UGC_Ads/apps/web/src/components/intake/intake-form.tsx:72:39
  70 |   const { errors, isSubmitting } = formState;
  71 |
> 72 |   const imageRefs: IntakeImageRef[] = watch('imageRefs') ?? [];
     |                                       ^^^^^ React Hook Form's `useForm()` API returns a `watch()` function which cannot be memoized safely.
  73 |   const [uploadError, setUploadError] = useState<string | null>(null);
  74 |   const [uploading, setUploading] = useState(false);
  75 |   // Idioma del ANÁLISIS (config de N3). No es parte de `ManualIntakeConfigSchema` —  react-hooks/incompatible-library

/Users/carlosvillu/Developer/__GARBAGE__/UGC_Ads/apps/web/src/components/ui/image.test.tsx
  129:12  warning  Image elements must have an alt prop, either with meaningful text, or an empty string for decorative images  jsx-a11y/alt-text

/Users/carlosvillu/Developer/__GARBAGE__/UGC_Ads/apps/worker/scripts/probe-seedream-edit.ts
  19:8  warning  Using exported name 'sharp' as identifier for default export  import-x/no-named-as-default

/Users/carlosvillu/Developer/__GARBAGE__/UGC_Ads/packages/core/src/analyze/rescale.test.ts
  5:8  warning  Using exported name 'sharp' as identifier for default export  import-x/no-named-as-default

/Users/carlosvillu/Developer/__GARBAGE__/UGC_Ads/packages/core/src/analyze/rescale.ts
  9:8  warning  Using exported name 'sharp' as identifier for default export  import-x/no-named-as-default

/Users/carlosvillu/Developer/__GARBAGE__/UGC_Ads/packages/core/src/analyze/visual-analyzer.test.ts
  6:8  warning  Using exported name 'sharp' as identifier for default export  import-x/no-named-as-default

/Users/carlosvillu/Developer/__GARBAGE__/UGC_Ads/packages/core/src/contracts/product-brief.json-schema.test.ts
  7:8  warning  Using exported name 'Ajv2020' as identifier for default export  import-x/no-named-as-default

/Users/carlosvillu/Developer/__GARBAGE__/UGC_Ads/packages/core/src/persona/contracts.ts
   42:6  warning  'VoiceRef' is defined but never used. Allowed unused vars must match /^_/u          unused-imports/no-unused-vars
   59:6  warning  'VoiceMap' is defined but never used. Allowed unused vars must match /^_/u          unused-imports/no-unused-vars
  167:6  warning  'PersonaCandidate' is defined but never used. Allowed unused vars must match /^_/u  unused-imports/no-unused-vars

/Users/carlosvillu/Developer/__GARBAGE__/UGC_Ads/packages/core/src/persona/reference-image.ts
  17:8  warning  Using exported name 'sharp' as identifier for default export  import-x/no-named-as-default

/Users/carlosvillu/Developer/__GARBAGE__/UGC_Ads/packages/services/test/integration/visual-analyze.test.ts
  13:8  warning  Using exported name 'sharp' as identifier for default export  import-x/no-named-as-default

/Users/carlosvillu/Developer/__GARBAGE__/UGC_Ads/packages/test-utils/src/image-fixtures.ts
  14:8  warning  Using exported name 'sharp' as identifier for default export  import-x/no-named-as-default

/Users/carlosvillu/Developer/__GARBAGE__/UGC_Ads/scripts/readme-status.mjs
  115:23  warning  Caution: `prettier` also has a named export `resolveConfig`. Check if you meant to write `import {resolveConfig} from 'prettier'` instead  import-x/no-named-as-default-member
  116:20  warning  Caution: `prettier` also has a named export `format`. Check if you meant to write `import {format} from 'prettier'` instead                import-x/no-named-as-default-member

✖ 28 problems (0 errors, 28 warnings)

